src/components/goal/AddGoalTransferDialog.tsx(135,14): error TS1005: ',' expected.
src/components/goal/AddGoalTransferDialog.tsx(135,74): error TS1005: ',' expected.
src/components/goal/AddGoalTransferDialog.tsx(137,9): error TS1005: ',' expected.
src/components/goal/AddGoalTransferDialog.tsx(144,6): error TS1472: 'catch' or 'finally' expected.
src/components/goal/AddGoalTransferDialog.tsx(333,1): error TS1005: '}' expected.
src/components/transaction/AddTransactionModal.tsx(249,1): error TS1472: 'catch' or 'finally' expected.
