src/components/account/AccountCard.tsx(92,23): error TS2322: Type '{ children: Element; variant: string; size: string; }' is not assignable to type 'IntrinsicAttributes & ButtonProps & RefAttributes<HTMLButtonElement>'.
  Property 'variant' does not exist on type 'IntrinsicAttributes & ButtonProps & RefAttributes<HTMLButtonElement>'.
src/components/account/AccountsList.tsx(45,57): error TS2322: Type '{ children: (string | Element)[]; onClick: () => void; size: string; }' is not assignable to type 'IntrinsicAttributes & ButtonProps & RefAttributes<HTMLButtonElement>'.
  Property 'size' does not exist on type 'IntrinsicAttributes & ButtonProps & RefAttributes<HTMLButtonElement>'.
src/components/account/AddAccountDialog.tsx(12,23): error TS2307: Cannot find module 'sonner@2.0.3' or its corresponding type declarations.
src/components/account/AddAccountDialog.tsx(106,40): error TS7006: Parameter 'open' implicitly has an 'any' type.
src/components/account/AddAccountDialog.tsx(131,50): error TS7006: Parameter 'v' implicitly has an 'any' type.
src/components/account/AddAccountDialog.tsx(197,21): error TS2322: Type '{ children: string; variant: string; onClick: () => void; className: string; }' is not assignable to type 'IntrinsicAttributes & ButtonProps & RefAttributes<HTMLButtonElement>'.
  Property 'variant' does not exist on type 'IntrinsicAttributes & ButtonProps & RefAttributes<HTMLButtonElement>'.
src/components/analytics/ReportsScreen.tsx(175,15): error TS2322: Type '{ children: Element; variant: string; size: string; onClick: () => void; className: string; }' is not assignable to type 'IntrinsicAttributes & ButtonProps & RefAttributes<HTMLButtonElement>'.
  Property 'variant' does not exist on type 'IntrinsicAttributes & ButtonProps & RefAttributes<HTMLButtonElement>'.
src/components/budget/AddBudgetDialog.tsx(11,23): error TS2307: Cannot find module 'sonner@2.0.3' or its corresponding type declarations.
src/components/budget/AddBudgetDialog.tsx(78,40): error TS7006: Parameter 'open' implicitly has an 'any' type.
src/components/budget/AddBudgetDialog.tsx(114,52): error TS7006: Parameter 'v' implicitly has an 'any' type.
src/components/budget/AddBudgetDialog.tsx(163,21): error TS2322: Type '{ children: string; variant: string; onClick: () => void; className: string; }' is not assignable to type 'IntrinsicAttributes & ButtonProps & RefAttributes<HTMLButtonElement>'.
  Property 'variant' does not exist on type 'IntrinsicAttributes & ButtonProps & RefAttributes<HTMLButtonElement>'.
src/components/dashboard/SmartInsights.tsx(19,41): error TS2339: Property 'amount' does not exist on type 'Expense'.
src/components/dashboard/SmartInsights.tsx(92,84): error TS2339: Property 'amount' does not exist on type 'Expense'.
src/components/debt/AddDebtDialog.tsx(14,23): error TS2307: Cannot find module 'sonner@2.0.3' or its corresponding type declarations.
src/components/debt/AddDebtDialog.tsx(47,13): error TS2741: Property 'reminder_shown' is missing in type '{ id: string; family_id: string; lender_user_id: string; borrower_user_id: string; amount: number; currency: string; status: "open"; created_at: string; }' but required in type 'DebtRecord'.
src/components/debt/AddDebtDialog.tsx(84,40): error TS7006: Parameter 'open' implicitly has an 'any' type.
src/components/debt/AddDebtDialog.tsx(90,15): error TS2322: Type '{ children: Element; variant: string; size: string; onClick: () => void; className: string; }' is not assignable to type 'IntrinsicAttributes & ButtonProps & RefAttributes<HTMLButtonElement>'.
  Property 'variant' does not exist on type 'IntrinsicAttributes & ButtonProps & RefAttributes<HTMLButtonElement>'.
src/components/debt/AddDebtDialog.tsx(104,29): error TS7006: Parameter 'v' implicitly has an 'any' type.
src/components/debt/AddDebtDialog.tsx(158,25): error TS2322: Type '{ children: (string | Element)[]; variant: string; className: string; }' is not assignable to type 'IntrinsicAttributes & ButtonProps & RefAttributes<HTMLButtonElement>'.
  Property 'variant' does not exist on type 'IntrinsicAttributes & ButtonProps & RefAttributes<HTMLButtonElement>'.
src/components/debt/AddDebtDialog.tsx(167,30): error TS7006: Parameter 'd' implicitly has an 'any' type.
src/components/debt/AddDebtDialog.tsx(182,25): error TS2322: Type '{ children: (string | Element)[]; variant: string; className: string; }' is not assignable to type 'IntrinsicAttributes & ButtonProps & RefAttributes<HTMLButtonElement>'.
  Property 'variant' does not exist on type 'IntrinsicAttributes & ButtonProps & RefAttributes<HTMLButtonElement>'.
src/components/debt/AddDebtDialog.tsx(214,15): error TS2322: Type '{ children: string; variant: string; onClick: () => void; className: string; }' is not assignable to type 'IntrinsicAttributes & ButtonProps & RefAttributes<HTMLButtonElement>'.
  Property 'variant' does not exist on type 'IntrinsicAttributes & ButtonProps & RefAttributes<HTMLButtonElement>'.
src/components/debt/DebtList.tsx(75,27): error TS2322: Type '{ children: string; size: string; onClick: () => void; }' is not assignable to type 'IntrinsicAttributes & ButtonProps & RefAttributes<HTMLButtonElement>'.
  Property 'size' does not exist on type 'IntrinsicAttributes & ButtonProps & RefAttributes<HTMLButtonElement>'.
src/components/debt/SettleDebtDialog.tsx(9,23): error TS2307: Cannot find module 'sonner@2.0.3' or its corresponding type declarations.
src/components/debt/SettleDebtDialog.tsx(46,40): error TS7006: Parameter 'open' implicitly has an 'any' type.
src/components/debt/SettleDebtDialog.tsx(63,62): error TS7006: Parameter 'v' implicitly has an 'any' type.
src/components/debt/SettleDebtDialog.tsx(82,21): error TS2322: Type '{ children: string; variant: string; onClick: () => void; className: string; }' is not assignable to type 'IntrinsicAttributes & ButtonProps & RefAttributes<HTMLButtonElement>'.
  Property 'variant' does not exist on type 'IntrinsicAttributes & ButtonProps & RefAttributes<HTMLButtonElement>'.
src/components/expense/AddExpenseModal.tsx(206,40): error TS7006: Parameter 'open' implicitly has an 'any' type.
src/components/expense/AddExpenseModal.tsx(250,25): error TS2322: Type '{ children: (string | Element)[]; variant: string; className: string; }' is not assignable to type 'IntrinsicAttributes & ButtonProps & RefAttributes<HTMLButtonElement>'.
  Property 'variant' does not exist on type 'IntrinsicAttributes & ButtonProps & RefAttributes<HTMLButtonElement>'.
src/components/expense/AddExpenseModal.tsx(259,30): error TS7006: Parameter 'd' implicitly has an 'any' type.
src/components/expense/AddExpenseModal.tsx(305,33): error TS7006: Parameter 'userId' implicitly has an 'any' type.
src/components/expense/AddExpenseModal.tsx(332,39): error TS7006: Parameter 'value' implicitly has an 'any' type.
src/components/expense/AddExpenseModal.tsx(357,25): error TS2322: Type '{ children: Element; variant: string; size: string; onClick: () => void; className: string; }' is not assignable to type 'IntrinsicAttributes & ButtonProps & RefAttributes<HTMLButtonElement>'.
  Property 'variant' does not exist on type 'IntrinsicAttributes & ButtonProps & RefAttributes<HTMLButtonElement>'.
src/components/expense/AddExpenseModal.tsx(372,43): error TS7006: Parameter 'checked' implicitly has an 'any' type.
src/components/expense/AddExpenseModal.tsx(388,43): error TS7006: Parameter 'userId' implicitly has an 'any' type.
src/components/expense/AddExpenseModal.tsx(411,17): error TS2322: Type '{ children: (string | Element)[]; type: "button"; variant: string; onClick: () => void; className: string; }' is not assignable to type 'IntrinsicAttributes & ButtonProps & RefAttributes<HTMLButtonElement>'.
  Property 'variant' does not exist on type 'IntrinsicAttributes & ButtonProps & RefAttributes<HTMLButtonElement>'.
src/components/expense/AddExpenseModal.tsx(461,21): error TS2322: Type '{ children: string; variant: string; onClick: () => void; className: string; }' is not assignable to type 'IntrinsicAttributes & ButtonProps & RefAttributes<HTMLButtonElement>'.
  Property 'variant' does not exist on type 'IntrinsicAttributes & ButtonProps & RefAttributes<HTMLButtonElement>'.
src/components/expense/EditExpenseModal.tsx(15,23): error TS2307: Cannot find module 'sonner@2.0.3' or its corresponding type declarations.
src/components/expense/EditExpenseModal.tsx(150,40): error TS7006: Parameter 'open' implicitly has an 'any' type.
src/components/expense/EditExpenseModal.tsx(193,25): error TS2322: Type '{ children: (string | Element)[]; variant: string; className: string; }' is not assignable to type 'IntrinsicAttributes & ButtonProps & RefAttributes<HTMLButtonElement>'.
  Property 'variant' does not exist on type 'IntrinsicAttributes & ButtonProps & RefAttributes<HTMLButtonElement>'.
src/components/expense/EditExpenseModal.tsx(199,68): error TS7006: Parameter 'd' implicitly has an 'any' type.
src/components/expense/EditExpenseModal.tsx(228,39): error TS7006: Parameter 'value' implicitly has an 'any' type.
src/components/expense/EditExpenseModal.tsx(253,25): error TS2322: Type '{ children: Element; variant: string; size: string; onClick: () => void; }' is not assignable to type 'IntrinsicAttributes & ButtonProps & RefAttributes<HTMLButtonElement>'.
  Property 'variant' does not exist on type 'IntrinsicAttributes & ButtonProps & RefAttributes<HTMLButtonElement>'.
src/components/expense/EditExpenseModal.tsx(266,41): error TS7006: Parameter 'checked' implicitly has an 'any' type.
src/components/expense/EditExpenseModal.tsx(279,41): error TS7006: Parameter 'userId' implicitly has an 'any' type.
src/components/expense/EditExpenseModal.tsx(301,17): error TS2322: Type '{ children: (string | Element)[]; type: "button"; variant: string; onClick: () => void; className: string; }' is not assignable to type 'IntrinsicAttributes & ButtonProps & RefAttributes<HTMLButtonElement>'.
  Property 'variant' does not exist on type 'IntrinsicAttributes & ButtonProps & RefAttributes<HTMLButtonElement>'.
src/components/expense/EditExpenseModal.tsx(351,21): error TS2322: Type '{ children: string; variant: string; onClick: () => void; className: string; }' is not assignable to type 'IntrinsicAttributes & ButtonProps & RefAttributes<HTMLButtonElement>'.
  Property 'variant' does not exist on type 'IntrinsicAttributes & ButtonProps & RefAttributes<HTMLButtonElement>'.
src/components/expense/ExpenseDetailSheet.tsx(15,23): error TS2307: Cannot find module 'sonner@2.0.3' or its corresponding type declarations.
src/components/expense/ExpenseDetailSheet.tsx(25,53): error TS2339: Property 'categories' does not exist on type 'AppContextType'.
src/components/expense/ExpenseDetailSheet.tsx(84,39): error TS7006: Parameter 'open' implicitly has an 'any' type.
src/components/expense/ExpenseDetailSheet.tsx(89,13): error TS2322: Type '{ children: Element; variant: string; size: string; onClick: () => void; className: string; }' is not assignable to type 'IntrinsicAttributes & ButtonProps & RefAttributes<HTMLButtonElement>'.
  Property 'variant' does not exist on type 'IntrinsicAttributes & ButtonProps & RefAttributes<HTMLButtonElement>'.
src/components/expense/ExpenseDetailSheet.tsx(110,15): error TS2322: Type '{ children: Element; variant: string; size: string; onClick: () => void; className: string; }' is not assignable to type 'IntrinsicAttributes & ButtonProps & RefAttributes<HTMLButtonElement>'.
  Property 'variant' does not exist on type 'IntrinsicAttributes & ButtonProps & RefAttributes<HTMLButtonElement>'.
src/components/expense/ExpenseDetailSheet.tsx(130,19): error TS2322: Type '{ children: (string | Element)[]; onClick: () => Promise<void>; size: string; className: string; }' is not assignable to type 'IntrinsicAttributes & ButtonProps & RefAttributes<HTMLButtonElement>'.
  Property 'size' does not exist on type 'IntrinsicAttributes & ButtonProps & RefAttributes<HTMLButtonElement>'.
src/components/goal/AddGoalDialog.tsx(15,23): error TS2307: Cannot find module 'sonner@2.0.3' or its corresponding type declarations.
src/components/goal/AddGoalDialog.tsx(191,17): error TS2322: Type '{ children: Element; onClick: () => void; variant: string; className: string; }' is not assignable to type 'IntrinsicAttributes & ButtonProps & RefAttributes<HTMLButtonElement>'.
  Property 'variant' does not exist on type 'IntrinsicAttributes & ButtonProps & RefAttributes<HTMLButtonElement>'.
src/components/goal/AddGoalDialog.tsx(209,19): error TS2322: Type '{ children: string; variant: string; size: string; onClick: () => void; className: string; }' is not assignable to type 'IntrinsicAttributes & ButtonProps & RefAttributes<HTMLButtonElement>'.
  Property 'variant' does not exist on type 'IntrinsicAttributes & ButtonProps & RefAttributes<HTMLButtonElement>'.
src/components/goal/AddGoalDialog.tsx(243,58): error TS7006: Parameter 'v' implicitly has an 'any' type.
src/components/goal/AddGoalDialog.tsx(272,36): error TS7031: Binding element 'value' implicitly has an 'any' type.
src/components/goal/AddGoalDialog.tsx(297,36): error TS7031: Binding element 'value' implicitly has an 'any' type.
src/components/goal/AddGoalDialog.tsx(323,36): error TS2339: Property 'account_name' does not exist on type 'Account'.
src/components/goal/AddGoalDialog.tsx(323,61): error TS2339: Property 'account_type' does not exist on type 'Account'.
src/components/goal/AddGoalDialog.tsx(337,23): error TS2322: Type '{ children: (string | Element)[]; variant: string; className: string; }' is not assignable to type 'IntrinsicAttributes & ButtonProps & RefAttributes<HTMLButtonElement>'.
  Property 'variant' does not exist on type 'IntrinsicAttributes & ButtonProps & RefAttributes<HTMLButtonElement>'.
src/components/goal/AddGoalDialog.tsx(349,34): error TS7006: Parameter 'date' implicitly has an 'any' type.
src/components/goal/AddGoalDialog.tsx(364,23): error TS2322: Type '{ children: string; key: string; type: "button"; variant: string; onClick: () => void; className: string; }' is not assignable to type 'IntrinsicAttributes & ButtonProps & RefAttributes<HTMLButtonElement>'.
  Property 'variant' does not exist on type 'IntrinsicAttributes & ButtonProps & RefAttributes<HTMLButtonElement>'.
src/components/goal/AddGoalDialog.tsx(431,17): error TS2322: Type '{ children: string; variant: string; onClick: () => void; disabled: boolean; className: string; }' is not assignable to type 'IntrinsicAttributes & ButtonProps & RefAttributes<HTMLButtonElement>'.
  Property 'variant' does not exist on type 'IntrinsicAttributes & ButtonProps & RefAttributes<HTMLButtonElement>'.
src/components/goal/AddGoalTransferDialog.tsx(176,40): error TS7006: Parameter 'open' implicitly has an 'any' type.
src/components/goal/AddGoalTransferDialog.tsx(262,14): error TS7053: Element implicitly has an 'any' type because expression of type 'PaymentMethod' can't be used to index type '{ cash: { icon: string; label: string; description: string; color: string; borderColor: string; }; upi: { icon: string; label: string; description: string; color: string; borderColor: string; }; card: { icon: string; label: string; description: string; color: string; borderColor: string; }; bank: { ...; }; wallet: {...'.
  Property 'borrowed' does not exist on type '{ cash: { icon: string; label: string; description: string; color: string; borderColor: string; }; upi: { icon: string; label: string; description: string; color: string; borderColor: string; }; card: { icon: string; label: string; description: string; color: string; borderColor: string; }; bank: { ...; }; wallet: {...'.
src/components/goal/AddGoalTransferDialog.tsx(265,20): error TS7053: Element implicitly has an 'any' type because expression of type 'PaymentMethod' can't be used to index type '{ cash: { icon: string; label: string; description: string; color: string; borderColor: string; }; upi: { icon: string; label: string; description: string; color: string; borderColor: string; }; card: { icon: string; label: string; description: string; color: string; borderColor: string; }; bank: { ...; }; wallet: {...'.
  Property 'borrowed' does not exist on type '{ cash: { icon: string; label: string; description: string; color: string; borderColor: string; }; upi: { icon: string; label: string; description: string; color: string; borderColor: string; }; card: { icon: string; label: string; description: string; color: string; borderColor: string; }; bank: { ...; }; wallet: {...'.
src/components/goal/AddGoalTransferDialog.tsx(311,21): error TS2322: Type '{ children: string; variant: string; onClick: () => void; className: string; }' is not assignable to type 'IntrinsicAttributes & ButtonProps & RefAttributes<HTMLButtonElement>'.
  Property 'variant' does not exist on type 'IntrinsicAttributes & ButtonProps & RefAttributes<HTMLButtonElement>'.
src/components/goal/GoalDetailSheet.tsx(198,21): error TS2322: Type '{ children: (string | Element)[]; size: string; onClick: () => void; className: string; }' is not assignable to type 'IntrinsicAttributes & ButtonProps & RefAttributes<HTMLButtonElement>'.
  Property 'size' does not exist on type 'IntrinsicAttributes & ButtonProps & RefAttributes<HTMLButtonElement>'.
src/components/goal/GoalDetailSheet.tsx(253,21): error TS2322: Type '{ children: string; variant: string; onClick: () => void; className: string; }' is not assignable to type 'IntrinsicAttributes & ButtonProps & RefAttributes<HTMLButtonElement>'.
  Property 'variant' does not exist on type 'IntrinsicAttributes & ButtonProps & RefAttributes<HTMLButtonElement>'.
src/components/income/AddIncomeModal.tsx(15,23): error TS2307: Cannot find module 'sonner@2.0.3' or its corresponding type declarations.
src/components/income/AddIncomeModal.tsx(82,40): error TS7006: Parameter 'open' implicitly has an 'any' type.
src/components/income/AddIncomeModal.tsx(125,25): error TS2322: Type '{ children: (string | Element)[]; variant: string; className: string; }' is not assignable to type 'IntrinsicAttributes & ButtonProps & RefAttributes<HTMLButtonElement>'.
  Property 'variant' does not exist on type 'IntrinsicAttributes & ButtonProps & RefAttributes<HTMLButtonElement>'.
src/components/income/AddIncomeModal.tsx(131,68): error TS7006: Parameter 'd' implicitly has an 'any' type.
src/components/income/AddIncomeModal.tsx(161,21): error TS2322: Type '{ children: string; variant: string; onClick: () => void; className: string; }' is not assignable to type 'IntrinsicAttributes & ButtonProps & RefAttributes<HTMLButtonElement>'.
  Property 'variant' does not exist on type 'IntrinsicAttributes & ButtonProps & RefAttributes<HTMLButtonElement>'.
src/components/MainDashboard.tsx(24,18): error TS2307: Cannot find module '../logo/kharchapal.png' or its corresponding type declarations.
src/components/MainDashboard.tsx(27,16): error TS2664: Invalid module name in augmentation, module '*.png' cannot be found.
src/components/MainDashboard.tsx(204,21): error TS2322: Type '{ children: (string | Element)[]; variant: string; size: string; onClick: () => void; className: string; }' is not assignable to type 'IntrinsicAttributes & ButtonProps & RefAttributes<HTMLButtonElement>'.
  Property 'variant' does not exist on type 'IntrinsicAttributes & ButtonProps & RefAttributes<HTMLButtonElement>'.
src/components/MainDashboard.tsx(214,19): error TS2322: Type '{ children: (string | false | Element)[]; variant: string; size: string; onClick: () => void; className: string; }' is not assignable to type 'IntrinsicAttributes & ButtonProps & RefAttributes<HTMLButtonElement>'.
  Property 'variant' does not exist on type 'IntrinsicAttributes & ButtonProps & RefAttributes<HTMLButtonElement>'.
src/components/MainDashboard.tsx(258,23): error TS2322: Type '{ children: (string | Element)[]; size: string; onClick: () => void; className: string; }' is not assignable to type 'IntrinsicAttributes & ButtonProps & RefAttributes<HTMLButtonElement>'.
  Property 'size' does not exist on type 'IntrinsicAttributes & ButtonProps & RefAttributes<HTMLButtonElement>'.
src/components/MainDashboard.tsx(285,13): error TS2322: Type '{ children: Element; size: string; className: string; onClick: () => void; }' is not assignable to type 'IntrinsicAttributes & ButtonProps & RefAttributes<HTMLButtonElement>'.
  Property 'size' does not exist on type 'IntrinsicAttributes & ButtonProps & RefAttributes<HTMLButtonElement>'.
src/components/MoreSection.tsx(311,11): error TS2322: Type '{ children: (string | Element)[]; variant: string; className: string; onClick: () => void; }' is not assignable to type 'IntrinsicAttributes & ButtonProps & RefAttributes<HTMLButtonElement>'.
  Property 'variant' does not exist on type 'IntrinsicAttributes & ButtonProps & RefAttributes<HTMLButtonElement>'.
src/components/MoreSection.tsx(319,11): error TS2322: Type '{ children: (string | Element)[]; variant: string; className: string; onClick: () => void; }' is not assignable to type 'IntrinsicAttributes & ButtonProps & RefAttributes<HTMLButtonElement>'.
  Property 'variant' does not exist on type 'IntrinsicAttributes & ButtonProps & RefAttributes<HTMLButtonElement>'.
src/components/MoreSection.tsx(330,9): error TS2322: Type '{ children: (string | Element)[]; variant: string; className: string; onClick: () => void; }' is not assignable to type 'IntrinsicAttributes & ButtonProps & RefAttributes<HTMLButtonElement>'.
  Property 'variant' does not exist on type 'IntrinsicAttributes & ButtonProps & RefAttributes<HTMLButtonElement>'.
src/components/MoreSection.tsx(363,23): error TS2322: Type '{ children: (string | Element)[]; size: string; onClick: () => void; className: string; }' is not assignable to type 'IntrinsicAttributes & ButtonProps & RefAttributes<HTMLButtonElement>'.
  Property 'size' does not exist on type 'IntrinsicAttributes & ButtonProps & RefAttributes<HTMLButtonElement>'.
src/components/MoreSection.tsx(384,23): error TS2322: Type '{ children: (string | Element)[]; size: string; onClick: () => void; className: string; }' is not assignable to type 'IntrinsicAttributes & ButtonProps & RefAttributes<HTMLButtonElement>'.
  Property 'size' does not exist on type 'IntrinsicAttributes & ButtonProps & RefAttributes<HTMLButtonElement>'.
src/components/MoreSection.tsx(405,23): error TS2322: Type '{ children: (string | Element)[]; size: string; onClick: () => void; className: string; }' is not assignable to type 'IntrinsicAttributes & ButtonProps & RefAttributes<HTMLButtonElement>'.
  Property 'size' does not exist on type 'IntrinsicAttributes & ButtonProps & RefAttributes<HTMLButtonElement>'.
src/components/MoreSection.tsx(519,17): error TS2322: Type '{ children: (string | Element)[]; variant: string; className: string; onClick: () => void; }' is not assignable to type 'IntrinsicAttributes & ButtonProps & RefAttributes<HTMLButtonElement>'.
  Property 'variant' does not exist on type 'IntrinsicAttributes & ButtonProps & RefAttributes<HTMLButtonElement>'.
src/components/MoreSection.tsx(614,17): error TS2322: Type '{ children: Element[]; key: string; variant: string; className: string; onClick: () => void; }' is not assignable to type 'IntrinsicAttributes & ButtonProps & RefAttributes<HTMLButtonElement>'.
  Property 'variant' does not exist on type 'IntrinsicAttributes & ButtonProps & RefAttributes<HTMLButtonElement>'.
src/components/onboarding/CreateFamily.tsx(91,27): error TS2322: Type '{ children: string; variant: string; onClick: () => void; className: string; }' is not assignable to type 'IntrinsicAttributes & ButtonProps & RefAttributes<HTMLButtonElement>'.
  Property 'variant' does not exist on type 'IntrinsicAttributes & ButtonProps & RefAttributes<HTMLButtonElement>'.
src/components/onboarding/CreateFamily.tsx(131,25): error TS2322: Type '{ children: string; variant: string; onClick: () => void; className: string; }' is not assignable to type 'IntrinsicAttributes & ButtonProps & RefAttributes<HTMLButtonElement>'.
  Property 'variant' does not exist on type 'IntrinsicAttributes & ButtonProps & RefAttributes<HTMLButtonElement>'.
src/components/onboarding/JoinFamily.tsx(109,25): error TS2322: Type '{ children: string; variant: string; onClick: () => void; className: string; }' is not assignable to type 'IntrinsicAttributes & ButtonProps & RefAttributes<HTMLButtonElement>'.
  Property 'variant' does not exist on type 'IntrinsicAttributes & ButtonProps & RefAttributes<HTMLButtonElement>'.
src/components/onboarding/JoinFamily.tsx(154,19): error TS2322: Type '{ children: string; variant: string; onClick: () => void; className: string; }' is not assignable to type 'IntrinsicAttributes & ButtonProps & RefAttributes<HTMLButtonElement>'.
  Property 'variant' does not exist on type 'IntrinsicAttributes & ButtonProps & RefAttributes<HTMLButtonElement>'.
src/components/onboarding/Welcome.tsx(57,17): error TS2322: Type '{ children: (string | Element)[]; variant: string; className: string; }' is not assignable to type 'IntrinsicAttributes & ButtonProps & RefAttributes<HTMLButtonElement>'.
  Property 'variant' does not exist on type 'IntrinsicAttributes & ButtonProps & RefAttributes<HTMLButtonElement>'.
src/components/settings/CategorySettings.tsx(71,53): error TS7006: Parameter 'v' implicitly has an 'any' type.
src/components/settings/CategorySettings.tsx(81,41): error TS2322: Type '{ children: Element; variant: string; size: string; className: string; }' is not assignable to type 'IntrinsicAttributes & ButtonProps & RefAttributes<HTMLButtonElement>'.
  Property 'variant' does not exist on type 'IntrinsicAttributes & ButtonProps & RefAttributes<HTMLButtonElement>'.
src/components/settings/CategorySettings.tsx(134,45): error TS2322: Type '{ children: Element; variant: string; size: string; className: string; onClick: () => Promise<void>; }' is not assignable to type 'IntrinsicAttributes & ButtonProps & RefAttributes<HTMLButtonElement>'.
  Property 'variant' does not exist on type 'IntrinsicAttributes & ButtonProps & RefAttributes<HTMLButtonElement>'.
src/components/transaction/AddTransactionModal.tsx(128,17): error TS2322: Type 'PaymentLine[] | { id: string; method: any; amount: number; payer_user_id: string; meta: { borrowed_from: string; lender_name: string | undefined; } | undefined; }[]' is not assignable to type 'PaymentLine[]'.
  Type '{ id: string; method: any; amount: number; payer_user_id: string; meta: { borrowed_from: string; lender_name: string | undefined; } | undefined; }[]' is not assignable to type 'PaymentLine[]'.
    Type '{ id: string; method: any; amount: number; payer_user_id: string; meta: { borrowed_from: string; lender_name: string | undefined; } | undefined; }' is not assignable to type 'PaymentLine'.
      Types of property 'meta' are incompatible.
        Type '{ borrowed_from: string; lender_name: string | undefined; } | undefined' is not assignable to type '{ borrowed_from?: string | undefined; note?: string | undefined; } | undefined'.
          Object literal may only specify known properties, and 'lender_name' does not exist in type '{ borrowed_from?: string | undefined; note?: string | undefined; }'.
src/components/transaction/AddTransactionModal.tsx(232,40): error TS7006: Parameter 'open' implicitly has an 'any' type.
src/components/transaction/AddTransactionModal.tsx(242,17): error TS2322: Type '{ children: Element; variant: string; size: string; onClick: () => void; className: string; }' is not assignable to type 'IntrinsicAttributes & ButtonProps & RefAttributes<HTMLButtonElement>'.
  Property 'variant' does not exist on type 'IntrinsicAttributes & ButtonProps & RefAttributes<HTMLButtonElement>'.
src/components/transaction/AddTransactionModal.tsx(263,59): error TS7006: Parameter 'v' implicitly has an 'any' type.
src/components/transaction/AddTransactionModal.tsx(319,25): error TS2322: Type '{ children: (string | Element)[]; variant: string; className: string; }' is not assignable to type 'IntrinsicAttributes & ButtonProps & RefAttributes<HTMLButtonElement>'.
  Property 'variant' does not exist on type 'IntrinsicAttributes & ButtonProps & RefAttributes<HTMLButtonElement>'.
src/components/transaction/AddTransactionModal.tsx(328,30): error TS7006: Parameter 'd' implicitly has an 'any' type.
src/components/transaction/AddTransactionModal.tsx(346,37): error TS7006: Parameter 'checked' implicitly has an 'any' type.
src/components/transaction/AddTransactionModal.tsx(492,21): error TS2322: Type '{ children: (string | Element)[]; type: "button"; variant: string; onClick: () => void; className: string; }' is not assignable to type 'IntrinsicAttributes & ButtonProps & RefAttributes<HTMLButtonElement>'.
  Property 'variant' does not exist on type 'IntrinsicAttributes & ButtonProps & RefAttributes<HTMLButtonElement>'.
src/components/transaction/AddTransactionModal.tsx(567,23): error TS2322: Type '{ children: string; variant: string; onClick: () => void; className: string; size: string; }' is not assignable to type 'IntrinsicAttributes & ButtonProps & RefAttributes<HTMLButtonElement>'.
  Property 'variant' does not exist on type 'IntrinsicAttributes & ButtonProps & RefAttributes<HTMLButtonElement>'.
src/components/transaction/AddTransactionModal.tsx(577,17): error TS2322: Type '{ children: string; onClick: () => Promise<void>; disabled: boolean; className: string; size: string; }' is not assignable to type 'IntrinsicAttributes & ButtonProps & RefAttributes<HTMLButtonElement>'.
  Property 'size' does not exist on type 'IntrinsicAttributes & ButtonProps & RefAttributes<HTMLButtonElement>'.
src/components/transaction/CategorySelect.tsx(102,15): error TS2322: Type '{ children: (string | Element)[]; variant: string; size: string; className: string; onClick: (e: MouseEvent<HTMLButtonElement, MouseEvent>) => void; }' is not assignable to type 'IntrinsicAttributes & ButtonProps & RefAttributes<HTMLButtonElement>'.
  Property 'variant' does not exist on type 'IntrinsicAttributes & ButtonProps & RefAttributes<HTMLButtonElement>'.
src/components/transaction/CategorySelect.tsx(145,23): error TS2322: Type '{ children: string; variant: string; onClick: () => void; className: string; }' is not assignable to type 'IntrinsicAttributes & ButtonProps & RefAttributes<HTMLButtonElement>'.
  Property 'variant' does not exist on type 'IntrinsicAttributes & ButtonProps & RefAttributes<HTMLButtonElement>'.
src/components/transaction/ImportUPIDialog.tsx(17,23): error TS2307: Cannot find module 'pdfjs-dist/build/pdf.worker.min.mjs?url' or its corresponding type declarations.
src/components/transaction/ImportUPIDialog.tsx(349,23): error TS2322: Type '{ children: Element; variant: string; size: string; onClick: () => void; className: string; }' is not assignable to type 'IntrinsicAttributes & ButtonProps & RefAttributes<HTMLButtonElement>'.
  Property 'variant' does not exist on type 'IntrinsicAttributes & ButtonProps & RefAttributes<HTMLButtonElement>'.
src/components/transaction/ImportUPIDialog.tsx(406,27): error TS2322: Type '{ children: string; variant: string; onClick: () => void | undefined; }' is not assignable to type 'IntrinsicAttributes & ButtonProps & RefAttributes<HTMLButtonElement>'.
  Property 'variant' does not exist on type 'IntrinsicAttributes & ButtonProps & RefAttributes<HTMLButtonElement>'.
src/components/transaction/ImportUPIDialog.tsx(563,23): error TS2322: Type '{ children: string; variant: string; onClick: () => void; className: string; }' is not assignable to type 'IntrinsicAttributes & ButtonProps & RefAttributes<HTMLButtonElement>'.
  Property 'variant' does not exist on type 'IntrinsicAttributes & ButtonProps & RefAttributes<HTMLButtonElement>'.
src/components/transaction/PaymentLineRow.tsx(67,27): error TS7006: Parameter 'value' implicitly has an 'any' type.
src/components/transaction/PaymentLineRow.tsx(113,19): error TS2322: Type '{ children: Element; variant: string; size: string; onClick: () => void; className: string; }' is not assignable to type 'IntrinsicAttributes & ButtonProps & RefAttributes<HTMLButtonElement>'.
  Property 'variant' does not exist on type 'IntrinsicAttributes & ButtonProps & RefAttributes<HTMLButtonElement>'.
src/components/transaction/PaymentLineRow.tsx(127,29): error TS7006: Parameter 'value' implicitly has an 'any' type.
src/components/transaction/PaymentLineRow.tsx(164,31): error TS7006: Parameter 'checked' implicitly has an 'any' type.
src/components/transaction/PaymentLineRow.tsx(181,31): error TS7006: Parameter 'userId' implicitly has an 'any' type.
src/components/transaction/QuickAddDialog.tsx(10,23): error TS2307: Cannot find module 'sonner@2.0.3' or its corresponding type declarations.
src/components/transaction/QuickAddDialog.tsx(319,21): error TS2322: Type '{ children: string; variant: string; onClick: () => void; className: string; }' is not assignable to type 'IntrinsicAttributes & ButtonProps & RefAttributes<HTMLButtonElement>'.
  Property 'variant' does not exist on type 'IntrinsicAttributes & ButtonProps & RefAttributes<HTMLButtonElement>'.
src/components/transaction/ReceiptUploader.tsx(4,23): error TS2307: Cannot find module 'sonner@2.0.3' or its corresponding type declarations.
src/components/transaction/ReceiptUploader.tsx(83,17): error TS2322: Type '{ children: Element; variant: string; size: string; className: string; onClick: () => void; }' is not assignable to type 'IntrinsicAttributes & ButtonProps & RefAttributes<HTMLButtonElement>'.
  Property 'variant' does not exist on type 'IntrinsicAttributes & ButtonProps & RefAttributes<HTMLButtonElement>'.
src/components/transaction/ReceiptUploader.tsx(100,13): error TS2322: Type '{ children: (string | Element)[]; type: "button"; variant: string; className: string; onClick: () => void | undefined; }' is not assignable to type 'IntrinsicAttributes & ButtonProps & RefAttributes<HTMLButtonElement>'.
  Property 'variant' does not exist on type 'IntrinsicAttributes & ButtonProps & RefAttributes<HTMLButtonElement>'.
src/components/transaction/ReceiptUploader.tsx(109,13): error TS2322: Type '{ children: (string | Element)[]; type: "button"; variant: string; className: string; onClick: () => void | undefined; }' is not assignable to type 'IntrinsicAttributes & ButtonProps & RefAttributes<HTMLButtonElement>'.
  Property 'variant' does not exist on type 'IntrinsicAttributes & ButtonProps & RefAttributes<HTMLButtonElement>'.
src/components/transaction/RecurringTransactionsList.tsx(114,63): error TS7006: Parameter 'open' implicitly has an 'any' type.
src/components/transaction/RecurringTransactionsList.tsx(119,33): error TS2322: Type '{ children: (string | Element)[]; size: string; }' is not assignable to type 'IntrinsicAttributes & ButtonProps & RefAttributes<HTMLButtonElement>'.
  Property 'size' does not exist on type 'IntrinsicAttributes & ButtonProps & RefAttributes<HTMLButtonElement>'.
src/components/transaction/RecurringTransactionsList.tsx(154,79): error TS7006: Parameter 'v' implicitly has an 'any' type.
src/components/transaction/RecurringTransactionsList.tsx(230,37): error TS2322: Type '{ children: Element; variant: string; size: string; onClick: () => void; }' is not assignable to type 'IntrinsicAttributes & ButtonProps & RefAttributes<HTMLButtonElement>'.
  Property 'variant' does not exist on type 'IntrinsicAttributes & ButtonProps & RefAttributes<HTMLButtonElement>'.
src/components/transaction/RecurringTransactionsList.tsx(237,37): error TS2322: Type '{ children: Element; variant: string; size: string; className: string; onClick: () => Promise<void>; }' is not assignable to type 'IntrinsicAttributes & ButtonProps & RefAttributes<HTMLButtonElement>'.
  Property 'variant' does not exist on type 'IntrinsicAttributes & ButtonProps & RefAttributes<HTMLButtonElement>'.
src/components/transaction/TransactionDetailSheet.tsx(95,48): error TS18048: 'line.meta' is possibly 'undefined'.
src/components/transaction/TransactionDetailSheet.tsx(226,19): error TS2322: Type '{ children: string; variant: string; onClick: () => void; className: string; }' is not assignable to type 'IntrinsicAttributes & ButtonProps & RefAttributes<HTMLButtonElement>'.
  Property 'variant' does not exist on type 'IntrinsicAttributes & ButtonProps & RefAttributes<HTMLButtonElement>'.
src/components/transaction/TransactionFilterDialog.tsx(106,17): error TS2322: Type '{ children: string; key: string; variant: string; size: string; onClick: () => void; className: string; }' is not assignable to type 'IntrinsicAttributes & ButtonProps & RefAttributes<HTMLButtonElement>'.
  Property 'variant' does not exist on type 'IntrinsicAttributes & ButtonProps & RefAttributes<HTMLButtonElement>'.
src/components/transaction/TransactionFilterDialog.tsx(153,13): error TS2322: Type '{ children: string; variant: string; onClick: () => void; className: string; }' is not assignable to type 'IntrinsicAttributes & ButtonProps & RefAttributes<HTMLButtonElement>'.
  Property 'variant' does not exist on type 'IntrinsicAttributes & ButtonProps & RefAttributes<HTMLButtonElement>'.
src/components/transaction/VisualCategorySelect.tsx(169,23): error TS2322: Type '{ children: string; variant: string; onClick: () => void; className: string; }' is not assignable to type 'IntrinsicAttributes & ButtonProps & RefAttributes<HTMLButtonElement>'.
  Property 'variant' does not exist on type 'IntrinsicAttributes & ButtonProps & RefAttributes<HTMLButtonElement>'.
src/components/ui/accordion.tsx(4,37): error TS2307: Cannot find module '@radix-ui/react-accordion@1.2.3' or its corresponding type declarations.
src/components/ui/accordion.tsx(5,33): error TS2307: Cannot find module 'lucide-react@0.487.0' or its corresponding type declarations.
src/components/ui/alert-dialog.tsx(4,39): error TS2307: Cannot find module '@radix-ui/react-alert-dialog@1.1.6' or its corresponding type declarations.
src/components/ui/alert.tsx(2,40): error TS2307: Cannot find module 'class-variance-authority@0.7.1' or its corresponding type declarations.
src/components/ui/aspect-ratio.tsx(3,39): error TS2307: Cannot find module '@radix-ui/react-aspect-ratio@1.1.2' or its corresponding type declarations.
src/components/ui/avatar.tsx(4,34): error TS2307: Cannot find module '@radix-ui/react-avatar@1.1.3' or its corresponding type declarations.
src/components/ui/badge.tsx(2,22): error TS2307: Cannot find module '@radix-ui/react-slot@1.1.2' or its corresponding type declarations.
src/components/ui/badge.tsx(3,40): error TS2307: Cannot find module 'class-variance-authority@0.7.1' or its corresponding type declarations.
src/components/ui/breadcrumb.tsx(2,22): error TS2307: Cannot find module '@radix-ui/react-slot@1.1.2' or its corresponding type declarations.
src/components/ui/breadcrumb.tsx(3,46): error TS2307: Cannot find module 'lucide-react@0.487.0' or its corresponding type declarations.
src/components/ui/button.tsx(2,22): error TS2307: Cannot find module '@radix-ui/react-slot@1.1.2' or its corresponding type declarations.
src/components/ui/button.tsx(3,40): error TS2307: Cannot find module 'class-variance-authority@0.7.1' or its corresponding type declarations.
src/components/ui/button.tsx(44,17): error TS2339: Property 'variant' does not exist on type 'ButtonProps'.
src/components/ui/button.tsx(44,26): error TS2339: Property 'size' does not exist on type 'ButtonProps'.
src/components/ui/calendar.tsx(4,43): error TS2307: Cannot find module 'lucide-react@0.487.0' or its corresponding type declarations.
src/components/ui/calendar.tsx(5,27): error TS2307: Cannot find module 'react-day-picker@8.10.1' or its corresponding type declarations.
src/components/ui/calendar.tsx(63,22): error TS7031: Binding element 'className' implicitly has an 'any' type.
src/components/ui/calendar.tsx(66,23): error TS7031: Binding element 'className' implicitly has an 'any' type.
src/components/ui/carousel.tsx(6,8): error TS2307: Cannot find module 'embla-carousel-react@8.6.0' or its corresponding type declarations.
src/components/ui/carousel.tsx(7,39): error TS2307: Cannot find module 'lucide-react@0.487.0' or its corresponding type declarations.
src/components/ui/carousel.tsx(176,3): error TS2339: Property 'variant' does not exist on type 'ButtonProps & RefAttributes<HTMLButtonElement>'.
src/components/ui/carousel.tsx(177,3): error TS2339: Property 'size' does not exist on type 'ButtonProps & RefAttributes<HTMLButtonElement>'.
src/components/ui/carousel.tsx(185,7): error TS2322: Type '{ children: Element[]; asChild?: boolean | undefined; disabled: boolean; form?: string | undefined; formAction?: string | ((formData: FormData) => void | Promise<void>) | undefined; ... 288 more ...; className: string; }' is not assignable to type 'IntrinsicAttributes & ButtonProps & RefAttributes<HTMLButtonElement>'.
  Property 'variant' does not exist on type 'IntrinsicAttributes & ButtonProps & RefAttributes<HTMLButtonElement>'.
src/components/ui/carousel.tsx(206,3): error TS2339: Property 'variant' does not exist on type 'ButtonProps & RefAttributes<HTMLButtonElement>'.
src/components/ui/carousel.tsx(207,3): error TS2339: Property 'size' does not exist on type 'ButtonProps & RefAttributes<HTMLButtonElement>'.
src/components/ui/carousel.tsx(215,7): error TS2322: Type '{ children: Element[]; asChild?: boolean | undefined; disabled: boolean; form?: string | undefined; formAction?: string | ((formData: FormData) => void | Promise<void>) | undefined; ... 288 more ...; className: string; }' is not assignable to type 'IntrinsicAttributes & ButtonProps & RefAttributes<HTMLButtonElement>'.
  Property 'variant' does not exist on type 'IntrinsicAttributes & ButtonProps & RefAttributes<HTMLButtonElement>'.
src/components/ui/chart.tsx(4,36): error TS2307: Cannot find module 'recharts@2.15.2' or its corresponding type declarations.
src/components/ui/chart.tsx(182,23): error TS7006: Parameter 'item' implicitly has an 'any' type.
src/components/ui/chart.tsx(182,29): error TS7006: Parameter 'index' implicitly has an 'any' type.
src/components/ui/chart.tsx(278,21): error TS7006: Parameter 'item' implicitly has an 'any' type.
src/components/ui/checkbox.tsx(4,36): error TS2307: Cannot find module '@radix-ui/react-checkbox@1.1.4' or its corresponding type declarations.
src/components/ui/checkbox.tsx(5,27): error TS2307: Cannot find module 'lucide-react@0.487.0' or its corresponding type declarations.
src/components/ui/collapsible.tsx(3,39): error TS2307: Cannot find module '@radix-ui/react-collapsible@1.1.3' or its corresponding type declarations.
src/components/ui/command.tsx(4,45): error TS2307: Cannot find module 'cmdk@1.1.1' or its corresponding type declarations.
src/components/ui/command.tsx(5,28): error TS2307: Cannot find module 'lucide-react@0.487.0' or its corresponding type declarations.
src/components/ui/context-menu.tsx(4,39): error TS2307: Cannot find module '@radix-ui/react-context-menu@2.2.6' or its corresponding type declarations.
src/components/ui/context-menu.tsx(5,57): error TS2307: Cannot find module 'lucide-react@0.487.0' or its corresponding type declarations.
src/components/ui/dialog.tsx(4,34): error TS2307: Cannot find module '@radix-ui/react-dialog@1.1.6' or its corresponding type declarations.
src/components/ui/dialog.tsx(5,23): error TS2307: Cannot find module 'lucide-react@0.487.0' or its corresponding type declarations.
src/components/ui/drawer.tsx(4,43): error TS2307: Cannot find module 'vaul@1.1.2' or its corresponding type declarations.
src/components/ui/dropdown-menu.tsx(4,40): error TS2307: Cannot find module '@radix-ui/react-dropdown-menu@2.1.6' or its corresponding type declarations.
src/components/ui/dropdown-menu.tsx(5,57): error TS2307: Cannot find module 'lucide-react@0.487.0' or its corresponding type declarations.
src/components/ui/form.tsx(4,33): error TS2307: Cannot find module '@radix-ui/react-label@2.1.2' or its corresponding type declarations.
src/components/ui/form.tsx(5,22): error TS2307: Cannot find module '@radix-ui/react-slot@1.1.2' or its corresponding type declarations.
src/components/ui/form.tsx(14,8): error TS2307: Cannot find module 'react-hook-form@7.55.0' or its corresponding type declarations.
src/components/ui/hover-card.tsx(4,37): error TS2307: Cannot find module '@radix-ui/react-hover-card@1.1.6' or its corresponding type declarations.
src/components/ui/input-otp.tsx(4,43): error TS2307: Cannot find module 'input-otp@1.4.2' or its corresponding type declarations.
src/components/ui/input-otp.tsx(5,27): error TS2307: Cannot find module 'lucide-react@0.487.0' or its corresponding type declarations.
src/components/ui/input-otp.tsx(47,61): error TS2339: Property 'slots' does not exist on type '{}'.
src/components/ui/label.tsx(4,33): error TS2307: Cannot find module '@radix-ui/react-label@2.1.2' or its corresponding type declarations.
src/components/ui/menubar.tsx(4,35): error TS2307: Cannot find module '@radix-ui/react-menubar@1.1.6' or its corresponding type declarations.
src/components/ui/menubar.tsx(5,57): error TS2307: Cannot find module 'lucide-react@0.487.0' or its corresponding type declarations.
src/components/ui/navigation-menu.tsx(2,42): error TS2307: Cannot find module '@radix-ui/react-navigation-menu@1.2.5' or its corresponding type declarations.
src/components/ui/navigation-menu.tsx(3,21): error TS2307: Cannot find module 'class-variance-authority@0.7.1' or its corresponding type declarations.
src/components/ui/navigation-menu.tsx(4,33): error TS2307: Cannot find module 'lucide-react@0.487.0' or its corresponding type declarations.
src/components/ui/pagination.tsx(6,8): error TS2307: Cannot find module 'lucide-react@0.487.0' or its corresponding type declarations.
src/components/ui/pagination.tsx(42,47): error TS2344: Type '"size"' does not satisfy the constraint 'keyof ButtonProps | keyof RefAttributes<HTMLButtonElement>'.
src/components/ui/pagination.tsx(75,7): error TS2783: 'size' is specified more than once, so this usage will be overwritten.
src/components/ui/pagination.tsx(92,7): error TS2783: 'size' is specified more than once, so this usage will be overwritten.
src/components/ui/popover.tsx(4,35): error TS2307: Cannot find module '@radix-ui/react-popover@1.1.6' or its corresponding type declarations.
src/components/ui/progress.tsx(4,36): error TS2307: Cannot find module '@radix-ui/react-progress@1.1.2' or its corresponding type declarations.
src/components/ui/radio-group.tsx(4,38): error TS2307: Cannot find module '@radix-ui/react-radio-group@1.2.3' or its corresponding type declarations.
src/components/ui/radio-group.tsx(5,28): error TS2307: Cannot find module 'lucide-react@0.487.0' or its corresponding type declarations.
src/components/ui/resizable.tsx(4,34): error TS2307: Cannot find module 'lucide-react@0.487.0' or its corresponding type declarations.
src/components/ui/resizable.tsx(5,37): error TS2307: Cannot find module 'react-resizable-panels@2.1.7' or its corresponding type declarations.
src/components/ui/scroll-area.tsx(4,38): error TS2307: Cannot find module '@radix-ui/react-scroll-area@1.2.3' or its corresponding type declarations.
src/components/ui/select.tsx(4,34): error TS2307: Cannot find module '@radix-ui/react-select@2.1.6' or its corresponding type declarations.
src/components/ui/select.tsx(9,8): error TS2307: Cannot find module 'lucide-react@0.487.0' or its corresponding type declarations.
src/components/ui/separator.tsx(4,37): error TS2307: Cannot find module '@radix-ui/react-separator@1.1.2' or its corresponding type declarations.
src/components/ui/sheet.tsx(4,33): error TS2307: Cannot find module '@radix-ui/react-dialog@1.1.6' or its corresponding type declarations.
src/components/ui/sheet.tsx(5,23): error TS2307: Cannot find module 'lucide-react@0.487.0' or its corresponding type declarations.
src/components/ui/sidebar.tsx(4,22): error TS2307: Cannot find module '@radix-ui/react-slot@1.1.2' or its corresponding type declarations.
src/components/ui/sidebar.tsx(5,35): error TS2307: Cannot find module 'class-variance-authority@0.7.1' or its corresponding type declarations.
src/components/ui/sidebar.tsx(6,31): error TS2307: Cannot find module 'lucide-react@0.487.0' or its corresponding type declarations.
src/components/ui/sidebar.tsx(267,7): error TS2322: Type '{ children: Element[]; asChild?: boolean | undefined; disabled?: boolean | undefined; form?: string | undefined; formAction?: string | ((formData: FormData) => void | Promise<...>) | undefined; ... 289 more ...; onClick: (event: MouseEvent<...>) => void; }' is not assignable to type 'IntrinsicAttributes & ButtonProps & RefAttributes<HTMLButtonElement>'.
  Property 'variant' does not exist on type 'IntrinsicAttributes & ButtonProps & RefAttributes<HTMLButtonElement>'.
src/components/ui/slider.tsx(4,34): error TS2307: Cannot find module '@radix-ui/react-slider@1.2.3' or its corresponding type declarations.
src/components/ui/sonner.tsx(3,26): error TS2307: Cannot find module 'next-themes@0.4.6' or its corresponding type declarations.
src/components/ui/switch.tsx(4,34): error TS2307: Cannot find module '@radix-ui/react-switch@1.1.3' or its corresponding type declarations.
src/components/ui/tabs.tsx(4,32): error TS2307: Cannot find module '@radix-ui/react-tabs@1.1.3' or its corresponding type declarations.
src/components/ui/toggle-group.tsx(4,39): error TS2307: Cannot find module '@radix-ui/react-toggle-group@1.1.2' or its corresponding type declarations.
src/components/ui/toggle-group.tsx(5,35): error TS2307: Cannot find module 'class-variance-authority@0.7.1' or its corresponding type declarations.
src/components/ui/toggle.tsx(4,34): error TS2307: Cannot find module '@radix-ui/react-toggle@1.1.2' or its corresponding type declarations.
src/components/ui/toggle.tsx(5,40): error TS2307: Cannot find module 'class-variance-authority@0.7.1' or its corresponding type declarations.
src/components/ui/tooltip.tsx(4,35): error TS2307: Cannot find module '@radix-ui/react-tooltip@1.1.8' or its corresponding type declarations.
